// Jest Snapshot v1, https://goo.gl/fbAQLP

exports[`captures a snapshot 1`] = `
<div
  className="app"
>
  <div
    className="timer"
  >
    <div
      className="remaining"
    >
      25:00
    </div>
    <div>
      <ul>
        <li
          className="start started"
          onClick={[Function]}
        >
          Finish
        </li>
        <li
          className="pause"
          onClick={[Function]}
        >
          Pause
        </li>
        <li
          className="reset"
          onClick={[Function]}
        >
          Restart
        </li>
      </ul>
    </div>
    <div>
      <ul />
    </div>
  </div>
</div>
`;
