// Jest Snapshot v1, https://goo.gl/fbAQLP

exports[`renders the snapshot 1`] = `
<div
  className="App"
>
  <header
    className="App-header"
  >
    <img
      alt="logo"
      className="app-logo"
      src="logo.svg"
    />
    <h1
      className="App-Title"
    >
      Welcome to React
    </h1>
  </header>
</div>
`;
